<html>
<body>
<pre>
<h1>µVision Build Log</h1>
<h2>Tool Versions:</h2>
IDE-Version: µVision V5.36.0.0
Copyright (C) 2021 ARM Ltd and ARM Germany GmbH. All rights reserved.
License Information: nelfwr7 2022, neona, LIC=----
 
Tool Versions:
Toolchain:       MDK-Lite  Version: 5.36.0.0
Toolchain Path:  C:\Keil_v5\ARM\ARMCC\Bin
C Compiler:      Armcc.exe V5.06 update 7 (build 960)
Assembler:       Armasm.exe V5.06 update 7 (build 960)
Linker/Locator:  ArmLink.exe V5.06 update 7 (build 960)
Library Manager: ArmAr.exe V5.06 update 7 (build 960)
Hex Converter:   FromElf.exe V5.06 update 7 (build 960)
CPU DLL:         SARMCM3.DLL V5.36.0.0
Dialog DLL:      DARMCM1.DLL V1.19.4.0
Target DLL:      Segger\JL2CM3.dll V2.99.40.0
Dialog DLL:      TARMCM1.DLL V1.14.4.0
 
<h2>Project:</h2>
C:\Users\EEE\Documents\Krishnawa\hjgf\SRT-WREN-V103\Firmware\projects\target_apps\ble_examples\ble_app_peripheral\Keil_5\ble_app_peripheral.uvprojx
Project File Date:  11/21/2022

<h2>Output:</h2>
*** Using Compiler 'V5.06 update 7 (build 960)', folder: 'C:\Keil_v5\ARM\ARMCC\Bin'
Rebuild target 'DA14531'
assembling startup_DA14531.s...
compiling system_DA14531.c...
compiling nmi_handler.c...
compiling hardfault_handler.c...
compiling arch_console.c...
compiling nvds.c...
compiling arch_sleep.c...
compiling arch_main.c...
compiling jump_table.c...
compiling arch_hibernation.c...
compiling arch_system.c...
compiling arch_rom.c...
compiling chacha20.c...
compiling hash.c...
compiling otp_cs.c...
compiling otp_hdr.c...
compiling syscntl.c...
compiling wkupct_quadec.c...
compiling gpio.c...
compiling battery.c...
compiling adc_531.c...
compiling spi_531.c...
compiling spi_flash.c...
compiling i2c_eeprom.c...
compiling i2c.c...
compiling hw_otpc_531.c...
compiling dma.c...
compiling trng.c...
compiling uart.c...
compiling rf_585.c...
compiling rwip.c...
compiling rwble.c...
compiling rf_531.c...
compiling ble_arp.c...
compiling attm_db_128.c...
compiling prf_utils.c...
compiling custom_common.c...
compiling diss.c...
compiling diss_task.c...
compiling custs1.c...
compiling custs1_task.c...
compiling prf.c...
compiling app_default_handlers.c...
compiling app.c...
compiling app_task.c...
compiling app_security.c...
compiling app_security_task.c...
compiling app_bass.c...
compiling app_bass_task.c...
compiling app_findme.c...
compiling app_findme_task.c...
compiling app_proxr.c...
compiling app_proxr_task.c...
compiling app_diss.c...
compiling app_diss_task.c...
compiling app_suotar.c...
compiling app_suotar_task.c...
compiling app_entry_point.c...
compiling app_msg_utils.c...
compiling app_easy_msg_utils.c...
compiling app_easy_security.c...
compiling app_easy_timer.c...
compiling app_customs.c...
compiling app_customs_task.c...
compiling app_customs_common.c...
compiling app_bond_db.c...
compiling app_utils.c...
compiling app_easy_whitelist.c...
compiling aes.c...
compiling aes_cbc.c...
compiling aes_api.c...
compiling aes_ccm.c...
compiling aes_cmac.c...
compiling aes_task.c...
compiling sw_aes.c...
compiling user_custs1_def.c...
compiling user_custs_config.c...
compiling user_periph_setup.c...
..\src\platform\user_periph_setup.c(143): warning:  #69-D: integer conversion resulted in truncation
      .dev_index = P25Q11U_MAN_DEV_ID,//MX25R2035F_DEV_INDEX,
..\src\platform\user_periph_setup.c: 1 warning, 0 errors
compiling user_peripheral.c...
compiling user_custs1_impl.c...
..\src\user_custs1_impl.c(1564): warning:  #167-D: argument of type "void (*)(const ke_msg_id_t, const struct custs1_val_write_ind *, const ke_task_id_t, const ke_task_id_t)" is incompatible with parameter of type "timer_callback"
      timer_used = app_easy_timer(100, user_svc1_adc_val_1_cfg_ind_handler);
..\src\user_custs1_impl.c: 1 warning, 0 errors
linking...
Program Size: Code=28468 RO-data=2780 RW-data=32 ZI-data=9288  
FromELF: creating hex file...
After Build - User command #1: fromelf --bincombined --output=".\out_DA14531\Objects\ble_app_peripheral_531.bin"  ".\out_DA14531\Objects\ble_app_peripheral_531.axf"
".\out_DA14531\Objects\ble_app_peripheral_531.axf" - 0 Error(s), 2 Warning(s).

<h2>Software Packages used:</h2>

Package Vendor: ARM
                http://www.keil.com/pack/ARM.CMSIS.5.9.0.pack
                ARM.CMSIS.5.9.0
                CMSIS (Common Microcontroller Software Interface Standard)

<h2>Collection of Component include folders:</h2>
  C:\Users\EEE\AppData\Local\Arm\Packs\ARM\CMSIS\5.9.0\Device\ARM\ARMCM0plus\Include

<h2>Collection of Component Files used:</h2>
Build Time Elapsed:  00:00:50
</pre>
</body>
</html>
