<html>
<body>
<pre>
<h1>µVision Build Log</h1>
<h2>Tool Versions:</h2>
IDE-Version: µVision V5.36.0.0
Copyright (C) 2021 ARM Ltd and ARM Germany GmbH. All rights reserved.
License Information: Krishna Swaroop, neona, LIC=----
 
Tool Versions:
Toolchain:       MDK-Lite  Version: 5.36.0.0
Toolchain Path:  C:\Keil_v5\ARM\ARMCC\Bin
C Compiler:      Armcc.exe V5.06 update 7 (build 960)
Assembler:       Armasm.exe V5.06 update 7 (build 960)
Linker/Locator:  ArmLink.exe V5.06 update 7 (build 960)
Library Manager: ArmAr.exe V5.06 update 7 (build 960)
Hex Converter:   FromElf.exe V5.06 update 7 (build 960)
CPU DLL:         SARMCM3.DLL V5.36.0.0
Dialog DLL:      DARMCM1.DLL V1.19.4.0
Target DLL:      Segger\JL2CM3.dll V2.99.40.0
Dialog DLL:      TARMCM1.DLL V1.14.4.0
 
<h2>Project:</h2>
C:\Users\Krishnawa\Git\DA14531\utilities\secondary_bootloader\secondary_bootloader.uvprojx
Project File Date:  11/10/2022

<h2>Output:</h2>
*** Using Compiler 'V5.06 update 7 (build 960)', folder: 'C:\Keil_v5\ARM\ARMCC\Bin'
Rebuild target 'DA14531'
assembling startup_DA14531.s...
compiling system_DA14531.c...
compiling nmi_handler.c...
compiling hardfault_handler.c...
compiling bootloader.c...
compiling gpio.c...
compiling i2c_eeprom.c...
compiling spi_flash.c...
compiling crc32.c...
compiling main.c...
compiling decrypt.c...
compiling sw_aes.c...
compiling uart_booter.c...
compiling dma.c...
compiling spi_531.c...
compiling i2c.c...
compiling uart.c...
compiling systick.c...
compiling syscntl.c...
compiling hw_otpc_531.c...
compiling adc_531.c...
compiling otp_cs.c...
compiling user_periph_setup.c...
compiling arch_system.c...
linking...
Program Size: Code=6860 RO-data=2012 RW-data=12 ZI-data=2332  
FromELF: creating hex file...
After Build - User command #1: fromelf --bincombined --output=".\bin\secondary_bootloader_531.bin"  ".\out_DA14531\Objects\secondary_bootloader_531.axf"
".\out_DA14531\Objects\secondary_bootloader_531.axf" - 0 Error(s), 0 Warning(s).

<h2>Software Packages used:</h2>

Package Vendor: ARM
                http://www.keil.com/pack/ARM.CMSIS.5.9.0.pack
                ARM.CMSIS.5.9.0
                CMSIS (Common Microcontroller Software Interface Standard)

<h2>Collection of Component include folders:</h2>
  C:\Users\Krishnawa\AppData\Local\Arm\Packs\ARM\CMSIS\5.9.0\Device\ARM\ARMCM0plus\Include

<h2>Collection of Component Files used:</h2>
Build Time Elapsed:  00:00:06
</pre>
</body>
</html>
