Component: ARM Compiler 5.06 update 7 (build 960) Tool: armlink [4d3601]

==============================================================================

Section Cross References

    startup_da14585_586.o(RESET) refers to startup_da14585_586.o(STACK) for __initial_sp
    startup_da14585_586.o(RESET) refers to startup_da14585_586.o(.text) for Reset_Handler
    startup_da14585_586.o(RESET) refers to systick.o(.text) for SysTick_Handler
    startup_da14585_586.o(RESET) refers to uart.o(.text) for UART_Handler
    startup_da14585_586.o(RESET) refers to i2c.o(.text) for I2C_Handler
    startup_da14585_586.o(RESET) refers to dma.o(.text) for DMA_Handler
    startup_da14585_586.o(.text) refers to system_da14585_586.o(.text) for SystemInit
    startup_da14585_586.o(.text) refers to entry.o(.ARM.Collect$$$$00000000) for __main
    startup_da14585_586.o(.text) refers to nmi_handler.o(.text) for NMI_HandlerC
    startup_da14585_586.o(.text) refers to hardfault_handler.o(.text) for HardFault_HandlerC
    system_da14585_586.o(.text) refers to system_da14585_586.o(.data) for .data
    bootloader.o(.text) refers to decrypt.o(.text) for Decrypt_Image
    bootloader.o(.text) refers to crc32.o(.text) for crc32
    bootloader.o(.text) refers to spi_flash.o(.text) for spi_flash_enable_with_autodetect
    bootloader.o(.text) refers to gpio.o(.text) for GPIO_ConfigurePin
    spi_flash.o(.text) refers to spi_58x.o(.text) for spi_set_bitmode
    spi_flash.o(.text) refers to memcpya.o(.text) for __aeabi_memcpy4
    spi_flash.o(.text) refers to uidiv.o(.text) for __aeabi_uidivmod
    spi_flash.o(.text) refers to spi_flash.o(.bss) for .bss
    spi_flash.o(.text) refers to spi_flash.o(.constdata) for .constdata
    spi_flash.o(.text) refers to spi_flash.o(.text) for spi_flash_read_status_reg
    spi_flash.o(.text) refers to spi_flash.o(.text) for spi_flash_is_busy
    spi_flash.o(.text) refers to spi_58x.o(.text) for spi_set_bitmode
    spi_flash.o(.text) refers to spi_flash.o(.text) for spi_flash_is_busy
    spi_flash.o(.text) refers to spi_58x.o(.text) for spi_set_bitmode
    spi_flash.o(.text) refers to spi_flash.o(.text) for spi_flash_is_busy
    spi_flash.o(.text) refers to spi_58x.o(.text) for spi_set_bitmode
    spi_flash.o(.text) refers to spi_flash.o(.text) for spi_flash_wait_till_ready
    spi_flash.o(.text) refers to spi_flash.o(.text) for spi_flash_write_enable
    spi_flash.o(.text) refers to spi_flash.o(.text) for spi_flash_write_enable
    spi_flash.o(.text) refers to spi_flash.o(.text) for spi_flash_is_busy
    spi_flash.o(.text) refers to spi_58x.o(.text) for spi_set_bitmode
    spi_flash.o(.text) refers to spi_flash.o(.text) for spi_flash_wait_till_ready
    spi_flash.o(.text) refers to spi_flash.o(.text) for spi_flash_is_busy
    spi_flash.o(.text) refers to spi_58x.o(.text) for spi_set_bitmode
    spi_flash.o(.text) refers to spi_flash.o(.text) for spi_flash_wait_till_ready
    spi_flash.o(.text) refers to spi_58x.o(.text) for spi_set_bitmode
    spi_flash.o(.text) refers to spi_flash.o(.text) for spi_flash_set_write_enable
    spi_flash.o(.text) refers to spi_flash.o(.text) for spi_flash_wait_till_ready
    spi_flash.o(.text) refers to spi_58x.o(.text) for spi_set_bitmode
    spi_flash.o(.text) refers to spi_58x.o(.text) for spi_set_bitmode
    spi_flash.o(.text) refers to spi_flash.o(.text) for spi_flash_read_config_reg
    spi_flash.o(.text) refers to spi_flash.o(.text) for spi_flash_read_config_reg
    spi_flash.o(.text) refers to spi_flash.o(.text) for spi_flash_read_status_reg
    spi_flash.o(.text) refers to spi_flash.o(.text) for spi_flash_write_status_config_reg
    spi_flash.o(.text) refers to spi_flash.o(.text) for spi_flash_is_busy
    spi_flash.o(.text) refers to spi_58x.o(.text) for spi_set_bitmode
    spi_flash.o(.text) refers to spi_flash.o(.text) for spi_flash_is_busy
    spi_flash.o(.text) refers to spi_58x.o(.text) for spi_set_bitmode
    spi_flash.o(.text) refers to spi_flash.o(.text) for spi_flash_is_busy
    spi_flash.o(.text) refers to spi_flash.o(.text) for spi_flash_write_enable
    spi_flash.o(.text) refers to spi_58x.o(.text) for spi_set_bitmode
    spi_flash.o(.text) refers to spi_flash.o(.text) for spi_flash_wait_till_ready
    spi_flash.o(.text) refers to spi_flash.o(.text) for spi_flash_is_busy
    spi_flash.o(.text) refers to spi_flash.o(.text) for spi_flash_write_enable
    spi_flash.o(.text) refers to spi_58x.o(.text) for spi_set_bitmode
    spi_flash.o(.text) refers to spi_flash.o(.text) for spi_flash_wait_till_ready
    spi_flash.o(.text) refers to spi_flash.o(.text) for spi_flash_is_busy
    spi_flash.o(.text) refers to spi_flash.o(.text) for spi_flash_write_enable
    spi_flash.o(.text) refers to spi_58x.o(.text) for spi_set_bitmode
    spi_flash.o(.text) refers to spi_flash.o(.text) for spi_flash_is_busy
    spi_flash.o(.text) refers to spi_flash.o(.text) for spi_flash_write_enable
    spi_flash.o(.text) refers to spi_58x.o(.text) for spi_set_bitmode
    spi_flash.o(.text) refers to spi_flash.o(.text) for spi_flash_wait_till_ready
    spi_flash.o(.text) refers to spi_flash.o(.text) for spi_flash_is_busy
    spi_flash.o(.text) refers to spi_flash.o(.text) for spi_flash_chip_erase
    spi_flash.o(.text) refers to spi_flash.o(.text) for spi_flash_read_security_reg
    spi_flash.o(.text) refers to spi_flash.o(.text) for spi_flash_is_busy
    spi_flash.o(.text) refers to spi_flash.o(.text) for spi_flash_write_enable
    spi_flash.o(.text) refers to spi_58x.o(.text) for spi_set_bitmode
    spi_flash.o(.text) refers to spi_flash.o(.text) for spi_flash_wait_till_ready
    spi_flash.o(.text) refers to spi_flash.o(.text) for spi_flash_is_busy
    spi_flash.o(.text) refers to spi_flash.o(.text) for spi_flash_write_enable
    spi_flash.o(.text) refers to spi_58x.o(.text) for spi_set_bitmode
    spi_flash.o(.text) refers to spi_58x.o(.text) for spi_send
    spi_flash.o(.text) refers to spi_flash.o(.text) for spi_flash_wait_till_ready
    spi_flash.o(.text) refers to spi_flash.o(.text) for spi_flash_is_busy
    spi_flash.o(.text) refers to spi_flash.o(.text) for spi_flash_write_enable
    spi_flash.o(.text) refers to spi_58x.o(.text) for spi_set_bitmode
    spi_flash.o(.text) refers to spi_58x.o(.text) for spi_send
    spi_flash.o(.text) refers to spi_58x.o(.text) for spi_wait_dma_write_to_finish
    spi_flash.o(.text) refers to spi_flash.o(.text) for spi_flash_wait_till_ready
    spi_flash.o(.text) refers to spi_58x.o(.text) for spi_set_bitmode
    spi_flash.o(.text) refers to spi_flash.o(.text) for spi_flash_page_program
    spi_flash.o(.text) refers to spi_flash.o(.bss) for .bss
    spi_flash.o(.text) refers to spi_58x.o(.text) for spi_set_bitmode
    spi_flash.o(.text) refers to spi_flash.o(.text) for spi_flash_page_program_buffer
    spi_flash.o(.text) refers to spi_flash.o(.bss) for .bss
    spi_flash.o(.text) refers to spi_58x.o(.text) for spi_set_bitmode
    spi_flash.o(.text) refers to spi_flash.o(.text) for spi_flash_page_program_dma
    spi_flash.o(.text) refers to spi_flash.o(.bss) for .bss
    spi_flash.o(.text) refers to spi_flash.o(.text) for spi_flash_is_busy
    spi_flash.o(.text) refers to spi_flash.o(.text) for spi_flash_write_enable
    spi_flash.o(.text) refers to spi_58x.o(.text) for spi_set_bitmode
    spi_flash.o(.text) refers to spi_flash.o(.text) for spi_flash_wait_till_ready
    spi_flash.o(.text) refers to spi_58x.o(.text) for spi_set_bitmode
    spi_flash.o(.text) refers to spi_flash.o(.text) for spi_flash_page_fill
    spi_flash.o(.text) refers to spi_flash.o(.bss) for .bss
    spi_flash.o(.text) refers to spi_flash.o(.text) for spi_flash_read_security_reg
    spi_flash.o(.text) refers to spi_flash.o(.text) for spi_flash_is_busy
    spi_flash.o(.text) refers to spi_58x.o(.text) for spi_set_bitmode
    spi_flash.o(.text) refers to spi_flash.o(.bss) for .bss
    spi_flash.o(.text) refers to spi_flash.o(.text) for spi_flash_is_busy
    spi_flash.o(.text) refers to spi_58x.o(.text) for spi_set_bitmode
    spi_flash.o(.text) refers to uidiv.o(.text) for __aeabi_uidivmod
    spi_flash.o(.text) refers to spi_flash.o(.bss) for .bss
    spi_flash.o(.text) refers to spi_flash.o(.text) for spi_flash_read_data
    spi_flash.o(.text) refers to spi_flash.o(.text) for spi_flash_is_page_empty
    spi_flash.o(.text) refers to spi_flash.o(.text) for spi_flash_is_sector_empty
    spi_flash.o(.text) refers to spi_flash.o(.bss) for .bss
    i2c_eeprom.o(.text) refers to memcpya.o(.text) for __aeabi_memcpy
    i2c_eeprom.o(.text) refers to i2c_eeprom.o(retention_mem_area0) for retention_mem_area0
    i2c_eeprom.o(.text) refers to memcpya.o(.text) for __aeabi_memcpy
    i2c_eeprom.o(.text) refers to i2c_eeprom.o(retention_mem_area0) for retention_mem_area0
    i2c_eeprom.o(.text) refers to i2c.o(.text) for i2c_init
    i2c_eeprom.o(.text) refers to i2c_eeprom.o(retention_mem_area0) for retention_mem_area0
    i2c_eeprom.o(.text) refers to i2c.o(.text) for i2c_release
    i2c_eeprom.o(.text) refers to i2c.o(.text) for i2c_release
    i2c_eeprom.o(.text) refers to i2c_eeprom.o(retention_mem_area0) for retention_mem_area0
    i2c_eeprom.o(.text) refers to i2c_eeprom.o(retention_mem_area0) for retention_mem_area0
    i2c_eeprom.o(.text) refers to i2c_eeprom.o(.text) for i2c_wait_until_eeprom_ready
    i2c_eeprom.o(.text) refers to i2c_eeprom.o(.text) for i2c_eeprom_send_address
    i2c_eeprom.o(.text) refers to i2c_eeprom.o(.text) for i2c_eeprom_send_address
    i2c_eeprom.o(.text) refers to i2c_eeprom.o(.text) for i2c_wait_until_eeprom_ready
    i2c_eeprom.o(.text) refers to i2c_eeprom.o(.text) for read_data_single
    i2c_eeprom.o(.text) refers to i2c_eeprom.o(retention_mem_area0) for retention_mem_area0
    i2c_eeprom.o(.text) refers to i2c_eeprom.o(.text) for i2c_wait_until_eeprom_ready
    i2c_eeprom.o(.text) refers to i2c_eeprom.o(.text) for i2c_eeprom_send_address
    i2c_eeprom.o(.text) refers to uidiv.o(.text) for __aeabi_uidivmod
    i2c_eeprom.o(.text) refers to i2c_eeprom.o(.text) for i2c_wait_until_eeprom_ready
    i2c_eeprom.o(.text) refers to i2c_eeprom.o(.text) for i2c_eeprom_send_address
    i2c_eeprom.o(.text) refers to i2c_eeprom.o(retention_mem_area0) for retention_mem_area0
    i2c_eeprom.o(.text) refers to i2c_eeprom.o(.text) for i2c_eeprom_write_page
    i2c_eeprom.o(.text) refers to i2c_eeprom.o(retention_mem_area0) for retention_mem_area0
    main.o(.text) refers to gpio.o(.text) for GPIO_ConfigurePin
    main.o(.text) refers to arch_system.o(.text) for system_init
    main.o(.text) refers to bootloader.o(.text) for spi_loadActiveImage
    main.o(.text) refers to spi_58x.o(.text) for spi_disable
    main.o(.text) refers to spi_flash.o(.text) for spi_flash_disable_power_pin
    uart_booter.o(.text) refers to uart_booter.o(.data) for .data
    uart_booter.o(.text) refers to uart_booter.o(.data) for .data
    uart_booter.o(.text) refers to systick.o(.text) for systick_register_callback
    uart_booter.o(.text) refers to systick.o(.text) for systick_start
    uart_booter.o(.text) refers to uart.o(.text) for uart_receive
    uart_booter.o(.text) refers to systick.o(.text) for systick_stop
    uart_booter.o(.text) refers to uart_booter.o(.data) for .data
    uart_booter.o(.text) refers to uart_booter.o(.text) for systick_callback
    uart_booter.o(.text) refers to uart.o(.text) for uart_write_byte
    uart_booter.o(.text) refers to uart_booter.o(.text) for uart_receive_byte
    uart_booter.o(.text) refers to gpio.o(.text) for GPIO_ConfigurePin
    uart_booter.o(.text) refers to uart.o(.text) for uart_write_byte
    uart_booter.o(.text) refers to uart.o(.text) for uart_wait_tx_finish
    uart_booter.o(.text) refers to uart_booter.o(.text) for uart_receive_byte
    crc32.o(.text) refers to crc32.o(.constdata) for .constdata
    sw_aes.o(.text) refers to idiv.o(.text) for __aeabi_idivmod
    sw_aes.o(.text) refers to memcpya.o(.text) for __aeabi_memcpy
    sw_aes.o(.text) refers to sw_aes.o(.constdata) for .constdata
    sw_aes.o(.text) refers to sw_aes.o(.constdata) for .constdata
    sw_aes.o(.text) refers to memcpya.o(.text) for __aeabi_memcpy
    sw_aes.o(.text) refers to sw_aes.o(.constdata) for .constdata
    decrypt.o(.text) refers to sw_aes.o(.text) for AES_set_key
    decrypt.o(.text) refers to decrypt.o(.constdata) for .constdata
    decrypt.o(.text) refers to decrypt.o(.bss) for .bss
    dma.o(.text) refers to dma.o(retention_mem_area0) for retention_mem_area0
    dma.o(.text) refers to dma.o(.text) for dma_helper
    spi_58x.o(.text) refers to spi_58x.o(retention_mem_area0) for retention_mem_area0
    spi_58x.o(.text) refers to dma.o(.text) for dma_register_callback
    spi_58x.o(.text) refers to gpio.o(.text) for GPIO_SetActive
    spi_58x.o(.text) refers to memcpya.o(.text) for __aeabi_memcpy4
    spi_58x.o(.text) refers to spi_58x.o(retention_mem_area0) for retention_mem_area0
    spi_58x.o(.text) refers to spi_58x.o(.constdata) for .constdata
    spi_58x.o(.text) refers to spi_58x.o(retention_mem_area0) for retention_mem_area0
    spi_58x.o(.text) refers to dma.o(.text) for dma_register_callback
    spi_58x.o(.text) refers to spi_58x.o(retention_mem_area0) for retention_mem_area0
    spi_58x.o(.text) refers to spi_58x.o(retention_mem_area0) for retention_mem_area0
    spi_58x.o(.text) refers to spi_58x.o(retention_mem_area0) for retention_mem_area0
    spi_58x.o(.text) refers to spi_58x.o(retention_mem_area0) for retention_mem_area0
    spi_58x.o(.text) refers to spi_58x.o(retention_mem_area0) for retention_mem_area0
    spi_58x.o(.text) refers to spi_58x.o(retention_mem_area0) for retention_mem_area0
    spi_58x.o(.text) refers to spi_58x.o(.text) for spi_dma_send
    spi_58x.o(.text) refers to spi_58x.o(.text) for wait_spi_to_finish
    spi_58x.o(.text) refers to spi_58x.o(.text) for spi_dma_send_cb
    spi_58x.o(.text) refers to spi_58x.o(.text) for spi_dma_transfer
    spi_58x.o(.text) refers to spi_58x.o(.text) for wait_spi_to_finish
    spi_58x.o(.text) refers to spi_58x.o(.text) for spi_dma_transfer_cb
    spi_58x.o(.text) refers to dma.o(.text) for dma_register_callback
    spi_58x.o(.text) refers to spi_58x.o(retention_mem_area0) for retention_mem_area0
    i2c.o(.text) refers to i2c.o(.text) for i2c_setup_slave
    i2c.o(.text) refers to i2c.o(.text) for i2c_setup_master
    i2c.o(.text) refers to i2c.o(.bss) for .bss
    i2c.o(.text) refers to i2c.o(.text) for i2c_register_int
    i2c.o(.text) refers to i2c.o(.text) for __NVIC_ClearPendingIRQ
    i2c.o(.text) refers to i2c.o(.text) for i2c_unregister_int
    i2c.o(.text) refers to i2c.o(.bss) for .bss
    i2c.o(.text) refers to i2c.o(.text) for tx_reply
    i2c.o(.text) refers to i2c.o(.bss) for .bss
    i2c.o(.text) refers to i2c.o(.text) for i2c_register_int
    i2c.o(.text) refers to i2c.o(.bss) for .bss
    i2c.o(.text) refers to i2c.o(.text) for intr_master_transmit_buffer_handler
    i2c.o(.text) refers to i2c.o(.text) for i2c_unregister_int
    i2c.o(.text) refers to i2c.o(.bss) for .bss
    i2c.o(.text) refers to i2c.o(.text) for rx_reply
    i2c.o(.text) refers to i2c.o(.bss) for .bss
    i2c.o(.text) refers to i2c.o(.text) for i2c_register_int
    i2c.o(.text) refers to i2c.o(.bss) for .bss
    i2c.o(.text) refers to i2c.o(.text) for intr_master_receive_buffer_handler
    i2c.o(.text) refers to i2c.o(.text) for rx_reply
    i2c.o(.text) refers to i2c.o(.bss) for .bss
    i2c.o(.text) refers to i2c.o(.text) for i2c_register_int
    i2c.o(.text) refers to i2c.o(.bss) for .bss
    i2c.o(.text) refers to i2c.o(.text) for intr_slave_receive_buffer_handler
    i2c.o(.text) refers to i2c.o(.text) for tx_reply
    i2c.o(.text) refers to i2c.o(.bss) for .bss
    i2c.o(.text) refers to i2c.o(.text) for i2c_register_int
    i2c.o(.text) refers to i2c.o(.bss) for .bss
    i2c.o(.text) refers to i2c.o(.text) for intr_slave_transmit_buffer_handler
    i2c.o(.text) refers to i2c.o(.bss) for .bss
    uart.o(.text) refers to uart.o(retention_mem_area0) for retention_mem_area0
    uart.o(.text) refers to uart.o(retention_mem_area0) for retention_mem_area0
    uart.o(.text) refers to uart.o(retention_mem_area0) for retention_mem_area0
    uart.o(.text) refers to uart.o(retention_mem_area0) for retention_mem_area0
    uart.o(.text) refers to uart.o(.text) for uart_enable
    uart.o(.text) refers to uart.o(.text) for uart_baudrate_setf
    uart.o(.text) refers to uart.o(retention_mem_area0) for retention_mem_area0
    uart.o(.text) refers to uart.o(.text) for uart_write_byte
    uart.o(.text) refers to uart.o(.text) for uart_write_buffer
    uart.o(.text) refers to uart.o(.text) for __NVIC_DisableIRQ
    uart.o(.text) refers to uart.o(.text) for __NVIC_SetPriority
    uart.o(.text) refers to uart.o(.text) for __NVIC_EnableIRQ
    uart.o(.text) refers to uart.o(retention_mem_area0) for retention_mem_area0
    uart.o(.text) refers to uart.o(.text) for uart_read_byte
    uart.o(.text) refers to uart.o(.text) for uart_read_buffer
    uart.o(.text) refers to uart.o(.text) for __NVIC_DisableIRQ
    uart.o(.text) refers to uart.o(.text) for __NVIC_SetPriority
    uart.o(.text) refers to uart.o(.text) for __NVIC_EnableIRQ
    uart.o(.text) refers to uart.o(retention_mem_area0) for retention_mem_area0
    uart.o(.text) refers to uart.o(.text) for uart_enable_flow_control
    systick.o(.text) refers to systick.o(retention_mem_area0) for retention_mem_area0
    systick.o(.text) refers to systick.o(retention_mem_area0) for retention_mem_area0
    systick.o(.text) refers to systick.o(.text) for systick_start
    systick.o(.text) refers to systick.o(.text) for systick_stop
    hw_otpc_58x.o(.text) refers to hw_otpc_58x.o(.constdata) for .constdata
    hw_otpc_58x.o(.text) refers to hw_otpc_58x.o(.text) for hw_otpc_num_of_rr
    hw_otpc_58x.o(.text) refers to hw_otpc_58x.o(.text) for hw_otpc_manual_word_prog
    hw_otpc_58x.o(.text) refers to hw_otpc_58x.o(.text) for manual_prog_verify
    hw_otpc_58x.o(.text) refers to hw_otpc_58x.o(.text) for hw_otpc_write_rr
    hw_otpc_58x.o(.text) refers to hw_otpc_58x.o(.text) for hw_otpc_manual_read_on
    hw_otpc_58x.o(.text) refers to hw_otpc_58x.o(.text) for hw_otpc_manual_word_prog
    hw_otpc_58x.o(.text) refers to hw_otpc_58x.o(.text) for wait_for_auto_done
    hw_otpc_58x.o(.text) refers to hw_otpc_58x.o(.text) for wait_for_auto_done
    hw_otpc_58x.o(.text) refers to hw_otpc_58x.o(.text) for wait_for_auto_done
    hw_otpc_58x.o(.text) refers to hw_otpc_58x.o(.text) for wait_for_auto_done
    hw_otpc_58x.o(.text) refers to hw_otpc_58x.o(.text) for hw_otpc_core_test
    hw_otpc_58x.o(.text) refers to hw_otpc_58x.o(.text) for hw_otpc_core_test
    hw_otpc_58x.o(.text) refers to hw_otpc_58x.o(.text) for hw_otpc_core_test
    arch_system.o(.text) refers to gpio.o(.text) for GPIO_init
    arch_system.o(.text) refers to hw_otpc_58x.o(.text) for hw_otpc_manual_read_on
    arch_system.o(.text) refers to user_periph_setup.o(.text) for periph_init
    arch_system.o(.text) refers to arch_system.o(retention_mem_area0) for retention_mem_area0
    entry.o(.ARM.Collect$$$$00000000) refers (Special) to entry10a.o(.ARM.Collect$$$$0000000F) for __rt_final_cpp
    entry.o(.ARM.Collect$$$$00000000) refers (Special) to entry11a.o(.ARM.Collect$$$$00000011) for __rt_final_exit
    entry.o(.ARM.Collect$$$$00000000) refers (Special) to entry12b.o(.ARM.Collect$$$$0000000E) for __rt_lib_shutdown_fini
    entry.o(.ARM.Collect$$$$00000000) refers (Special) to entry7b.o(.ARM.Collect$$$$00000008) for _main_clock
    entry.o(.ARM.Collect$$$$00000000) refers (Special) to entry8b.o(.ARM.Collect$$$$0000000A) for _main_cpp_init
    entry.o(.ARM.Collect$$$$00000000) refers (Special) to entry9a.o(.ARM.Collect$$$$0000000B) for _main_init
    entry.o(.ARM.Collect$$$$00000000) refers (Special) to entry5.o(.ARM.Collect$$$$00000004) for _main_scatterload
    entry.o(.ARM.Collect$$$$00000000) refers (Special) to entry2.o(.ARM.Collect$$$$00000001) for _main_stk
    idiv.o(.text) refers to uidiv.o(.text) for __aeabi_uidivmod
    entry2.o(.ARM.Collect$$$$00000001) refers to entry2.o(.ARM.Collect$$$$00002712) for __lit__00000000
    entry2.o(.ARM.Collect$$$$00002712) refers to startup_da14585_586.o(STACK) for __initial_sp
    entry2.o(__vectab_stack_and_reset_area) refers to startup_da14585_586.o(STACK) for __initial_sp
    entry2.o(__vectab_stack_and_reset_area) refers to entry.o(.ARM.Collect$$$$00000000) for __main
    entry5.o(.ARM.Collect$$$$00000004) refers to init.o(.text) for __scatterload
    entry9a.o(.ARM.Collect$$$$0000000B) refers to main.o(.text) for main
    entry9b.o(.ARM.Collect$$$$0000000C) refers to main.o(.text) for main
    init.o(.text) refers to entry5.o(.ARM.Collect$$$$00000004) for __main_after_scatterload


==============================================================================

Removing Unused input sections from the image.

    Removing startup_da14585_586.o(HEAP), (256 bytes).
    Removing system_da14585_586.o(.rev16_text), (4 bytes).
    Removing system_da14585_586.o(.revsh_text), (4 bytes).
    Removing system_da14585_586.o(.text), (16 bytes).
    Removing system_da14585_586.o(.data), (4 bytes).
    Removing hardfault_handler.o(.rev16_text), (4 bytes).
    Removing hardfault_handler.o(.revsh_text), (4 bytes).
    Removing nmi_handler.o(.rev16_text), (4 bytes).
    Removing nmi_handler.o(.revsh_text), (4 bytes).
    Removing bootloader.o(.rev16_text), (4 bytes).
    Removing bootloader.o(.revsh_text), (4 bytes).
    Removing spi_flash.o(.rev16_text), (4 bytes).
    Removing spi_flash.o(.revsh_text), (4 bytes).
    Removing spi_flash.o(.text), (32 bytes).
    Removing spi_flash.o(.text), (4 bytes).
    Removing spi_flash.o(.text), (24 bytes).
    Removing spi_flash.o(.text), (24 bytes).
    Removing spi_flash.o(.text), (48 bytes).
    Removing spi_flash.o(.text), (10 bytes).
    Removing spi_flash.o(.text), (10 bytes).
    Removing spi_flash.o(.text), (46 bytes).
    Removing spi_flash.o(.text), (34 bytes).
    Removing spi_flash.o(.text), (26 bytes).
    Removing spi_flash.o(.text), (40 bytes).
    Removing spi_flash.o(.text), (22 bytes).
    Removing spi_flash.o(.text), (8 bytes).
    Removing spi_flash.o(.text), (36 bytes).
    Removing spi_flash.o(.text), (52 bytes).
    Removing spi_flash.o(.text), (70 bytes).
    Removing spi_flash.o(.text), (44 bytes).
    Removing spi_flash.o(.text), (44 bytes).
    Removing spi_flash.o(.text), (42 bytes).
    Removing spi_flash.o(.text), (36 bytes).
    Removing spi_flash.o(.text), (16 bytes).
    Removing spi_flash.o(.text), (22 bytes).
    Removing spi_flash.o(.text), (92 bytes).
    Removing spi_flash.o(.text), (82 bytes).
    Removing spi_flash.o(.text), (86 bytes).
    Removing spi_flash.o(.text), (108 bytes).
    Removing spi_flash.o(.text), (108 bytes).
    Removing spi_flash.o(.text), (108 bytes).
    Removing spi_flash.o(.text), (88 bytes).
    Removing spi_flash.o(.text), (100 bytes).
    Removing spi_flash.o(.text), (22 bytes).
    Removing spi_flash.o(.text), (100 bytes).
    Removing spi_flash.o(.text), (132 bytes).
    Removing spi_flash.o(.text), (68 bytes).
    Removing spi_flash.o(.text), (36 bytes).
    Removing spi_flash.o(.text), (40 bytes).
    Removing spi_flash.o(.text), (4 bytes).
    Removing spi_flash.o(.text), (4 bytes).
    Removing gpio.o(.rev16_text), (4 bytes).
    Removing gpio.o(.revsh_text), (4 bytes).
    Removing gpio.o(.text), (28 bytes).
    Removing gpio.o(.text), (48 bytes).
    Removing gpio.o(.text), (32 bytes).
    Removing gpio.o(.text), (32 bytes).
    Removing gpio.o(.text), (92 bytes).
    Removing gpio.o(.text), (12 bytes).
    Removing gpio.o(.text), (16 bytes).
    Removing gpio.o(.text), (16 bytes).
    Removing gpio.o(retention_mem_area0), (20 bytes).
    Removing i2c_eeprom.o(.rev16_text), (4 bytes).
    Removing i2c_eeprom.o(.revsh_text), (4 bytes).
    Removing i2c_eeprom.o(.text), (28 bytes).
    Removing i2c_eeprom.o(.text), (24 bytes).
    Removing i2c_eeprom.o(.text), (16 bytes).
    Removing i2c_eeprom.o(.text), (8 bytes).
    Removing i2c_eeprom.o(.text), (20 bytes).
    Removing i2c_eeprom.o(.text), (72 bytes).
    Removing i2c_eeprom.o(.text), (96 bytes).
    Removing i2c_eeprom.o(.text), (96 bytes).
    Removing i2c_eeprom.o(.text), (136 bytes).
    Removing i2c_eeprom.o(.text), (84 bytes).
    Removing i2c_eeprom.o(.text), (80 bytes).
    Removing i2c_eeprom.o(.text), (152 bytes).
    Removing i2c_eeprom.o(.text), (84 bytes).
    Removing i2c_eeprom.o(retention_mem_area0), (24 bytes).
    Removing main.o(.rev16_text), (4 bytes).
    Removing main.o(.revsh_text), (4 bytes).
    Removing main.o(.text), (2 bytes).
    Removing uart_booter.o(.rev16_text), (4 bytes).
    Removing uart_booter.o(.revsh_text), (4 bytes).
    Removing uart_booter.o(.text), (12 bytes).
    Removing uart_booter.o(.text), (12 bytes).
    Removing uart_booter.o(.text), (2 bytes).
    Removing uart_booter.o(.text), (88 bytes).
    Removing uart_booter.o(.text), (264 bytes).
    Removing uart_booter.o(.text), (404 bytes).
    Removing uart_booter.o(.data), (2 bytes).
    Removing sw_aes.o(.text), (320 bytes).
    Removing sw_aes.o(.text), (472 bytes).
    Removing decrypt.o(.rev16_text), (4 bytes).
    Removing decrypt.o(.revsh_text), (4 bytes).
    Removing dma.o(.rev16_text), (4 bytes).
    Removing dma.o(.revsh_text), (4 bytes).
    Removing dma.o(.text), (12 bytes).
    Removing dma.o(.text), (52 bytes).
    Removing spi_58x.o(.rev16_text), (4 bytes).
    Removing spi_58x.o(.revsh_text), (4 bytes).
    Removing spi_58x.o(.text), (32 bytes).
    Removing spi_58x.o(.text), (32 bytes).
    Removing spi_58x.o(.text), (128 bytes).
    Removing spi_58x.o(.text), (16 bytes).
    Removing spi_58x.o(.text), (56 bytes).
    Removing spi_58x.o(.text), (24 bytes).
    Removing spi_58x.o(.text), (36 bytes).
    Removing spi_58x.o(.text), (40 bytes).
    Removing spi_58x.o(.text), (12 bytes).
    Removing spi_58x.o(.text), (12 bytes).
    Removing spi_58x.o(.text), (12 bytes).
    Removing spi_58x.o(.text), (116 bytes).
    Removing spi_58x.o(.text), (172 bytes).
    Removing spi_58x.o(.text), (88 bytes).
    Removing i2c.o(.rev16_text), (4 bytes).
    Removing i2c.o(.revsh_text), (4 bytes).
    Removing i2c.o(.text), (48 bytes).
    Removing i2c.o(.text), (72 bytes).
    Removing i2c.o(.text), (204 bytes).
    Removing i2c.o(.text), (36 bytes).
    Removing i2c.o(.text), (100 bytes).
    Removing i2c.o(.text), (104 bytes).
    Removing i2c.o(.text), (20 bytes).
    Removing i2c.o(.text), (18 bytes).
    Removing i2c.o(.text), (36 bytes).
    Removing i2c.o(.text), (132 bytes).
    Removing i2c.o(.text), (60 bytes).
    Removing i2c.o(.text), (36 bytes).
    Removing i2c.o(.text), (112 bytes).
    Removing i2c.o(.text), (48 bytes).
    Removing i2c.o(.text), (40 bytes).
    Removing i2c.o(.text), (92 bytes).
    Removing i2c.o(.text), (92 bytes).
    Removing i2c.o(.text), (40 bytes).
    Removing i2c.o(.text), (144 bytes).
    Removing i2c.o(.text), (48 bytes).
    Removing uart.o(.rev16_text), (4 bytes).
    Removing uart.o(.revsh_text), (4 bytes).
    Removing uart.o(.text), (68 bytes).
    Removing uart.o(.text), (52 bytes).
    Removing uart.o(.text), (56 bytes).
    Removing uart.o(.text), (50 bytes).
    Removing uart.o(.text), (32 bytes).
    Removing uart.o(.text), (32 bytes).
    Removing uart.o(.text), (32 bytes).
    Removing uart.o(.text), (172 bytes).
    Removing uart.o(.text), (14 bytes).
    Removing uart.o(.text), (30 bytes).
    Removing uart.o(.text), (120 bytes).
    Removing uart.o(.text), (12 bytes).
    Removing uart.o(.text), (14 bytes).
    Removing uart.o(.text), (28 bytes).
    Removing uart.o(.text), (120 bytes).
    Removing uart.o(.text), (22 bytes).
    Removing uart.o(.text), (94 bytes).
    Removing uart.o(.text), (24 bytes).
    Removing uart.o(.text), (32 bytes).
    Removing systick.o(.rev16_text), (4 bytes).
    Removing systick.o(.revsh_text), (4 bytes).
    Removing systick.o(.text), (12 bytes).
    Removing systick.o(.text), (64 bytes).
    Removing systick.o(.text), (24 bytes).
    Removing systick.o(.text), (28 bytes).
    Removing systick.o(.text), (16 bytes).
    Removing syscntl.o(.rev16_text), (4 bytes).
    Removing syscntl.o(.revsh_text), (4 bytes).
    Removing syscntl.o(.text), (22 bytes).
    Removing syscntl.o(.text), (22 bytes).
    Removing syscntl.o(.text), (24 bytes).
    Removing hw_otpc_58x.o(.rev16_text), (4 bytes).
    Removing hw_otpc_58x.o(.revsh_text), (4 bytes).
    Removing hw_otpc_58x.o(.text), (40 bytes).
    Removing hw_otpc_58x.o(.text), (20 bytes).
    Removing hw_otpc_58x.o(.text), (80 bytes).
    Removing hw_otpc_58x.o(.text), (96 bytes).
    Removing hw_otpc_58x.o(.text), (164 bytes).
    Removing hw_otpc_58x.o(.text), (12 bytes).
    Removing hw_otpc_58x.o(.text), (168 bytes).
    Removing hw_otpc_58x.o(.text), (64 bytes).
    Removing hw_otpc_58x.o(.text), (52 bytes).
    Removing hw_otpc_58x.o(.text), (92 bytes).
    Removing hw_otpc_58x.o(.text), (104 bytes).
    Removing hw_otpc_58x.o(.text), (32 bytes).
    Removing hw_otpc_58x.o(.text), (16 bytes).
    Removing hw_otpc_58x.o(.text), (10 bytes).
    Removing hw_otpc_58x.o(.text), (10 bytes).
    Removing hw_otpc_58x.o(.text), (10 bytes).
    Removing hw_otpc_58x.o(.text), (16 bytes).
    Removing hw_otpc_58x.o(.text), (116 bytes).
    Removing hw_otpc_58x.o(.text), (36 bytes).
    Removing hw_otpc_58x.o(.constdata), (20 bytes).
    Removing arch_system.o(.rev16_text), (4 bytes).
    Removing arch_system.o(.revsh_text), (4 bytes).
    Removing arch_system.o(.text), (2 bytes).
    Removing user_periph_setup.o(.rev16_text), (4 bytes).
    Removing user_periph_setup.o(.revsh_text), (4 bytes).

196 unused section(s) (total 9788 bytes) removed from the image.

==============================================================================

Image Symbol Table

    Local Symbols

    Symbol Name                              Value     Ov Type        Size  Object(Section)

    ../clib/microlib/division.c              0x00000000   Number         0  uidiv.o ABSOLUTE
    ../clib/microlib/division.c              0x00000000   Number         0  idiv.o ABSOLUTE
    ../clib/microlib/init/entry.s            0x00000000   Number         0  entry10b.o ABSOLUTE
    ../clib/microlib/init/entry.s            0x00000000   Number         0  entry9b.o ABSOLUTE
    ../clib/microlib/init/entry.s            0x00000000   Number         0  entry10a.o ABSOLUTE
    ../clib/microlib/init/entry.s            0x00000000   Number         0  entry11a.o ABSOLUTE
    ../clib/microlib/init/entry.s            0x00000000   Number         0  entry11b.o ABSOLUTE
    ../clib/microlib/init/entry.s            0x00000000   Number         0  entry12b.o ABSOLUTE
    ../clib/microlib/init/entry.s            0x00000000   Number         0  entry12a.o ABSOLUTE
    ../clib/microlib/init/entry.s            0x00000000   Number         0  entry.o ABSOLUTE
    ../clib/microlib/init/entry.s            0x00000000   Number         0  entry2.o ABSOLUTE
    ../clib/microlib/init/entry.s            0x00000000   Number         0  entry5.o ABSOLUTE
    ../clib/microlib/init/entry.s            0x00000000   Number         0  entry7a.o ABSOLUTE
    ../clib/microlib/init/entry.s            0x00000000   Number         0  entry9a.o ABSOLUTE
    ../clib/microlib/init/entry.s            0x00000000   Number         0  entry7b.o ABSOLUTE
    ../clib/microlib/init/entry.s            0x00000000   Number         0  entry8a.o ABSOLUTE
    ../clib/microlib/init/entry.s            0x00000000   Number         0  entry8b.o ABSOLUTE
    ../clib/microlib/string/memcpy.c         0x00000000   Number         0  memcpya.o ABSOLUTE
    ../clib/microlib/string/memcpy.c         0x00000000   Number         0  memcpyb.o ABSOLUTE
    ..\..\sdk\platform\arch\boot\ARM\startup_DA14585_586.s 0x00000000   Number         0  startup_da14585_586.o ABSOLUTE
    ..\..\sdk\platform\arch\boot\system_DA14585_586.c 0x00000000   Number         0  system_da14585_586.o ABSOLUTE
    ..\..\sdk\platform\arch\main\arch_system.c 0x00000000   Number         0  arch_system.o ABSOLUTE
    ..\..\sdk\platform\arch\main\hardfault_handler.c 0x00000000   Number         0  hardfault_handler.o ABSOLUTE
    ..\..\sdk\platform\arch\main\nmi_handler.c 0x00000000   Number         0  nmi_handler.o ABSOLUTE
    ..\..\sdk\platform\core_modules\crypto\sw_aes.c 0x00000000   Number         0  sw_aes.o ABSOLUTE
    ..\..\sdk\platform\driver\dma\dma.c      0x00000000   Number         0  dma.o ABSOLUTE
    ..\..\sdk\platform\driver\gpio\gpio.c    0x00000000   Number         0  gpio.o ABSOLUTE
    ..\..\sdk\platform\driver\hw_otpc\hw_otpc_58x.c 0x00000000   Number         0  hw_otpc_58x.o ABSOLUTE
    ..\..\sdk\platform\driver\i2c\i2c.c      0x00000000   Number         0  i2c.o ABSOLUTE
    ..\..\sdk\platform\driver\i2c_eeprom\i2c_eeprom.c 0x00000000   Number         0  i2c_eeprom.o ABSOLUTE
    ..\..\sdk\platform\driver\spi\spi_58x.c  0x00000000   Number         0  spi_58x.o ABSOLUTE
    ..\..\sdk\platform\driver\spi_flash\spi_flash.c 0x00000000   Number         0  spi_flash.o ABSOLUTE
    ..\..\sdk\platform\driver\syscntl\syscntl.c 0x00000000   Number         0  syscntl.o ABSOLUTE
    ..\..\sdk\platform\driver\systick\systick.c 0x00000000   Number         0  systick.o ABSOLUTE
    ..\..\sdk\platform\driver\uart\uart.c    0x00000000   Number         0  uart.o ABSOLUTE
    ..\..\third_party\crc32\crc32.c          0x00000000   Number         0  crc32.o ABSOLUTE
    ..\\..\\sdk\\platform\\arch\\boot\\system_DA14585_586.c 0x00000000   Number         0  system_da14585_586.o ABSOLUTE
    ..\\..\\sdk\\platform\\arch\\main\\arch_system.c 0x00000000   Number         0  arch_system.o ABSOLUTE
    ..\\..\\sdk\\platform\\arch\\main\\hardfault_handler.c 0x00000000   Number         0  hardfault_handler.o ABSOLUTE
    ..\\..\\sdk\\platform\\arch\\main\\nmi_handler.c 0x00000000   Number         0  nmi_handler.o ABSOLUTE
    ..\\..\\sdk\\platform\\driver\\dma\\dma.c 0x00000000   Number         0  dma.o ABSOLUTE
    ..\\..\\sdk\\platform\\driver\\gpio\\gpio.c 0x00000000   Number         0  gpio.o ABSOLUTE
    ..\\..\\sdk\\platform\\driver\\hw_otpc\\hw_otpc_58x.c 0x00000000   Number         0  hw_otpc_58x.o ABSOLUTE
    ..\\..\\sdk\\platform\\driver\\i2c\\i2c.c 0x00000000   Number         0  i2c.o ABSOLUTE
    ..\\..\\sdk\\platform\\driver\\i2c_eeprom\\i2c_eeprom.c 0x00000000   Number         0  i2c_eeprom.o ABSOLUTE
    ..\\..\\sdk\\platform\\driver\\spi\\spi_58x.c 0x00000000   Number         0  spi_58x.o ABSOLUTE
    ..\\..\\sdk\\platform\\driver\\spi_flash\\spi_flash.c 0x00000000   Number         0  spi_flash.o ABSOLUTE
    ..\\..\\sdk\\platform\\driver\\syscntl\\syscntl.c 0x00000000   Number         0  syscntl.o ABSOLUTE
    ..\\..\\sdk\\platform\\driver\\systick\\systick.c 0x00000000   Number         0  systick.o ABSOLUTE
    ..\\..\\sdk\\platform\\driver\\uart\\uart.c 0x00000000   Number         0  uart.o ABSOLUTE
    handlers.s                               0x00000000   Number         0  handlers.o ABSOLUTE
    init.s                                   0x00000000   Number         0  init.o ABSOLUTE
    src\\bootloader.c                        0x00000000   Number         0  bootloader.o ABSOLUTE
    src\\decrypt.c                           0x00000000   Number         0  decrypt.o ABSOLUTE
    src\\main.c                              0x00000000   Number         0  main.o ABSOLUTE
    src\\uart_booter.c                       0x00000000   Number         0  uart_booter.o ABSOLUTE
    src\\user_periph_setup.c                 0x00000000   Number         0  user_periph_setup.o ABSOLUTE
    src\bootloader.c                         0x00000000   Number         0  bootloader.o ABSOLUTE
    src\decrypt.c                            0x00000000   Number         0  decrypt.o ABSOLUTE
    src\main.c                               0x00000000   Number         0  main.o ABSOLUTE
    src\uart_booter.c                        0x00000000   Number         0  uart_booter.o ABSOLUTE
    src\user_periph_setup.c                  0x00000000   Number         0  user_periph_setup.o ABSOLUTE
    RESET                                    0x07fc0000   Section      160  startup_da14585_586.o(RESET)
    .ARM.Collect$$$$00000000                 0x07fc00a0   Section        0  entry.o(.ARM.Collect$$$$00000000)
    .ARM.Collect$$$$00000001                 0x07fc00a0   Section        4  entry2.o(.ARM.Collect$$$$00000001)
    .ARM.Collect$$$$00000004                 0x07fc00a4   Section        4  entry5.o(.ARM.Collect$$$$00000004)
    .ARM.Collect$$$$00000008                 0x07fc00a8   Section        0  entry7b.o(.ARM.Collect$$$$00000008)
    .ARM.Collect$$$$0000000A                 0x07fc00a8   Section        0  entry8b.o(.ARM.Collect$$$$0000000A)
    .ARM.Collect$$$$0000000B                 0x07fc00a8   Section        8  entry9a.o(.ARM.Collect$$$$0000000B)
    .ARM.Collect$$$$0000000E                 0x07fc00b0   Section        4  entry12b.o(.ARM.Collect$$$$0000000E)
    .ARM.Collect$$$$0000000F                 0x07fc00b4   Section        0  entry10a.o(.ARM.Collect$$$$0000000F)
    .ARM.Collect$$$$00000011                 0x07fc00b4   Section        0  entry11a.o(.ARM.Collect$$$$00000011)
    .ARM.Collect$$$$00002712                 0x07fc00b4   Section        4  entry2.o(.ARM.Collect$$$$00002712)
    __lit__00000000                          0x07fc00b4   Data           4  entry2.o(.ARM.Collect$$$$00002712)
    .text                                    0x07fc00b8   Section       80  startup_da14585_586.o(.text)
    NMI_Handler                              0x07fc00c1   Thumb Code    24  startup_da14585_586.o(.text)
    HardFault_Handler                        0x07fc00d9   Thumb Code    24  startup_da14585_586.o(.text)
    .text                                    0x07fc0108   Section        0  system_da14585_586.o(.text)
    __NVIC_DisableIRQ                        0x07fc012f   Thumb Code    26  system_da14585_586.o(.text)
    .text                                    0x07fc0150   Section       36  init.o(.text)
    i.__scatterload_copy                     0x07fc0174   Section       14  handlers.o(i.__scatterload_copy)
    i.__scatterload_null                     0x07fc0182   Section        2  handlers.o(i.__scatterload_null)
    i.__scatterload_zeroinit                 0x07fc0184   Section       14  handlers.o(i.__scatterload_zeroinit)
    .text                                    0x07fd4000   Section        0  hardfault_handler.o(.text)
    .text                                    0x07fd4004   Section        0  nmi_handler.o(.text)
    .text                                    0x07fd403c   Section        0  bootloader.o(.text)
    loadActiveImage                          0x07fd403d   Thumb Code   382  bootloader.o(.text)
    FlashRead                                0x07fd41f3   Thumb Code    12  bootloader.o(.text)
    spi_flash_peripheral_init                0x07fd41ff   Thumb Code   132  bootloader.o(.text)
    .text                                    0x07fd428c   Section        0  spi_flash.o(.text)
    .text                                    0x07fd4448   Section        0  gpio.o(.text)
    .text                                    0x07fd44b4   Section        0  main.o(.text)
    reset_spi_gpios                          0x07fd44b5   Thumb Code    66  main.o(.text)
    .text                                    0x07fd458c   Section        0  crc32.o(.text)
    .text                                    0x07fd45b0   Section        0  sw_aes.o(.text)
    .text                                    0x07fd49f8   Section        0  decrypt.o(.text)
    .text                                    0x07fd4a4c   Section        0  dma.o(.text)
    dma_helper                               0x07fd4a5f   Thumb Code    62  dma.o(.text)
    __NVIC_EnableIRQ                         0x07fd4c39   Thumb Code    20  dma.o(.text)
    .text                                    0x07fd4c60   Section        0  spi_58x.o(.text)
    spi_dma_receive_cb                       0x07fd4c61   Thumb Code    22  spi_58x.o(.text)
    spi_dma_receive                          0x07fd4c77   Thumb Code   122  spi_58x.o(.text)
    spi_dma_init                             0x07fd4ec3   Thumb Code   108  spi_58x.o(.text)
    wait_spi_to_finish                       0x07fd4f2f   Thumb Code    24  spi_58x.o(.text)
    .text                                    0x07fd4f5c   Section        0  i2c.o(.text)
    __NVIC_ClearPendingIRQ                   0x07fd4f77   Thumb Code    18  i2c.o(.text)
    .text                                    0x07fd4f94   Section        0  uart.o(.text)
    uart_rx_isr                              0x07fd4f95   Thumb Code    72  uart.o(.text)
    uart_intr_hndl                           0x07fd4fdd   Thumb Code   156  uart.o(.text)
    uart_tx_isr                              0x07fd5081   Thumb Code   100  uart.o(.text)
    .text                                    0x07fd50f0   Section        0  systick.o(.text)
    .text                                    0x07fd5100   Section        0  hw_otpc_58x.o(.text)
    .text                                    0x07fd5164   Section        0  arch_system.o(.text)
    .text                                    0x07fd5270   Section        0  user_periph_setup.o(.text)
    .text                                    0x07fd528e   Section        0  uidiv.o(.text)
    .text                                    0x07fd52ba   Section        0  idiv.o(.text)
    .text                                    0x07fd52e2   Section        0  memcpya.o(.text)
    .constdata                               0x07fd5308   Section      132  spi_flash.o(.constdata)
    .constdata                               0x07fd538c   Section     1024  crc32.o(.constdata)
    crc32_tab                                0x07fd538c   Data        1024  crc32.o(.constdata)
    .constdata                               0x07fd578c   Section      542  sw_aes.o(.constdata)
    aes_sbox                                 0x07fd578c   Data         256  sw_aes.o(.constdata)
    aes_isbox                                0x07fd588c   Data         256  sw_aes.o(.constdata)
    Rcon                                     0x07fd598c   Data          30  sw_aes.o(.constdata)
    .constdata                               0x07fd59aa   Section       32  decrypt.o(.constdata)
    .constdata                               0x07fd59cc   Section       28  spi_58x.o(.constdata)
    .bss                                     0x07fd59e8   Section       12  spi_flash.o(.bss)
    spi_flash_cfg_env                        0x07fd59e8   Data          12  spi_flash.o(.bss)
    .bss                                     0x07fd59f4   Section      500  decrypt.o(.bss)
    .bss                                     0x07fd5be8   Section       48  i2c.o(.bss)
    i2c_env                                  0x07fd5be8   Data          48  i2c.o(.bss)
    STACK                                    0x07fd5c18   Section     1536  startup_da14585_586.o(STACK)
    retention_mem_area0                      0x07fd6218   Section       32  dma.o(retention_mem_area0)
    dma_callbacks                            0x07fd6218   Data          32  dma.o(retention_mem_area0)
    retention_mem_area0                      0x07fd6238   Section       24  spi_58x.o(retention_mem_area0)
    spi_env                                  0x07fd6238   Data          24  spi_58x.o(retention_mem_area0)
    retention_mem_area0                      0x07fd6250   Section       64  uart.o(retention_mem_area0)
    uartn_env                                0x07fd6250   Data          64  uart.o(retention_mem_area0)
    retention_mem_area0                      0x07fd6290   Section        4  systick.o(retention_mem_area0)
    retention_mem_area0                      0x07fd6294   Section        2  arch_system.o(retention_mem_area0)

    Global Symbols

    Symbol Name                              Value     Ov Type        Size  Object(Section)

    BuildAttributes$$THM_ISAv3M$S$PE$A:L22$X:L11$S22$IEEE1$IW$USESV6$~STKCKD$USESV7$~SHL$OTIME$EBA8$MICROLIB$REQ8$PRES8$EABIv2 0x00000000   Number         0  anon$$obj.o ABSOLUTE
    __ARM_use_no_argv                        0x00000000   Number         0  main.o ABSOLUTE
    __arm_fini_                               - Undefined Weak Reference
    __cpp_initialize__aeabi_                  - Undefined Weak Reference
    __cxa_finalize                            - Undefined Weak Reference
    __decompress                              - Undefined Weak Reference
    _clock_init                               - Undefined Weak Reference
    _microlib_exit                            - Undefined Weak Reference
    reset_indication                          - Undefined Weak Reference
    __Vectors_Size                           0x000000a0   Number         0  startup_da14585_586.o ABSOLUTE
    __Vectors                                0x07fc0000   Data           4  startup_da14585_586.o(RESET)
    __Vectors_End                            0x07fc00a0   Data           0  startup_da14585_586.o(RESET)
    __main                                   0x07fc00a1   Thumb Code     0  entry.o(.ARM.Collect$$$$00000000)
    _main_stk                                0x07fc00a1   Thumb Code     0  entry2.o(.ARM.Collect$$$$00000001)
    _main_scatterload                        0x07fc00a5   Thumb Code     0  entry5.o(.ARM.Collect$$$$00000004)
    __main_after_scatterload                 0x07fc00a9   Thumb Code     0  entry5.o(.ARM.Collect$$$$00000004)
    _main_clock                              0x07fc00a9   Thumb Code     0  entry7b.o(.ARM.Collect$$$$00000008)
    _main_cpp_init                           0x07fc00a9   Thumb Code     0  entry8b.o(.ARM.Collect$$$$0000000A)
    _main_init                               0x07fc00a9   Thumb Code     0  entry9a.o(.ARM.Collect$$$$0000000B)
    __rt_lib_shutdown_fini                   0x07fc00b1   Thumb Code     0  entry12b.o(.ARM.Collect$$$$0000000E)
    __rt_final_cpp                           0x07fc00b5   Thumb Code     0  entry10a.o(.ARM.Collect$$$$0000000F)
    __rt_final_exit                          0x07fc00b5   Thumb Code     0  entry11a.o(.ARM.Collect$$$$00000011)
    Reset_Handler                            0x07fc00b9   Thumb Code     8  startup_da14585_586.o(.text)
    SVC_Handler                              0x07fc00f1   Thumb Code     2  startup_da14585_586.o(.text)
    PendSV_Handler                           0x07fc00f3   Thumb Code     2  startup_da14585_586.o(.text)
    ADC_Handler                              0x07fc00f7   Thumb Code     0  startup_da14585_586.o(.text)
    BLE_RF_DIAG_Handler                      0x07fc00f7   Thumb Code     0  startup_da14585_586.o(.text)
    BLE_WAKEUP_LP_Handler                    0x07fc00f7   Thumb Code     0  startup_da14585_586.o(.text)
    GPIO0_Handler                            0x07fc00f7   Thumb Code     0  startup_da14585_586.o(.text)
    GPIO1_Handler                            0x07fc00f7   Thumb Code     0  startup_da14585_586.o(.text)
    GPIO2_Handler                            0x07fc00f7   Thumb Code     0  startup_da14585_586.o(.text)
    GPIO3_Handler                            0x07fc00f7   Thumb Code     0  startup_da14585_586.o(.text)
    GPIO4_Handler                            0x07fc00f7   Thumb Code     0  startup_da14585_586.o(.text)
    KEYBRD_Handler                           0x07fc00f7   Thumb Code     0  startup_da14585_586.o(.text)
    PCM_Handler                              0x07fc00f7   Thumb Code     0  startup_da14585_586.o(.text)
    RESERVED21_Handler                       0x07fc00f7   Thumb Code     0  startup_da14585_586.o(.text)
    RESERVED22_Handler                       0x07fc00f7   Thumb Code     0  startup_da14585_586.o(.text)
    RESERVED23_Handler                       0x07fc00f7   Thumb Code     0  startup_da14585_586.o(.text)
    RFCAL_Handler                            0x07fc00f7   Thumb Code     0  startup_da14585_586.o(.text)
    SPI_Handler                              0x07fc00f7   Thumb Code     0  startup_da14585_586.o(.text)
    SRCIN_Handler                            0x07fc00f7   Thumb Code     0  startup_da14585_586.o(.text)
    SRCOUT_Handler                           0x07fc00f7   Thumb Code     0  startup_da14585_586.o(.text)
    SWTIM_Handler                            0x07fc00f7   Thumb Code     0  startup_da14585_586.o(.text)
    WKUP_QUADEC_Handler                      0x07fc00f7   Thumb Code     0  startup_da14585_586.o(.text)
    rwble_isr                                0x07fc00f7   Thumb Code     0  startup_da14585_586.o(.text)
    SystemInit                               0x07fc0109   Thumb Code    38  system_da14585_586.o(.text)
    __scatterload                            0x07fc0151   Thumb Code    28  init.o(.text)
    __scatterload_rt2                        0x07fc0151   Thumb Code     0  init.o(.text)
    __scatterload_copy                       0x07fc0175   Thumb Code    14  handlers.o(i.__scatterload_copy)
    __scatterload_null                       0x07fc0183   Thumb Code     2  handlers.o(i.__scatterload_null)
    __scatterload_zeroinit                   0x07fc0185   Thumb Code    14  handlers.o(i.__scatterload_zeroinit)
    Region$$Table$$Base                      0x07fc0194   Number         0  anon$$obj.o(Region$$Table)
    Region$$Table$$Limit                     0x07fc01b4   Number         0  anon$$obj.o(Region$$Table)
    HardFault_HandlerC                       0x07fd4001   Thumb Code     2  hardfault_handler.o(.text)
    NMI_HandlerC                             0x07fd4005   Thumb Code    50  nmi_handler.o(.text)
    spi_loadActiveImage                      0x07fd41bb   Thumb Code    56  bootloader.o(.text)
    spi_flash_read_status_reg                0x07fd428d   Thumb Code    20  spi_flash.o(.text)
    spi_flash_is_busy                        0x07fd42a1   Thumb Code    16  spi_flash.o(.text)
    spi_flash_configure_env                  0x07fd42b1   Thumb Code     8  spi_flash.o(.text)
    spi_flash_release_from_power_down        0x07fd42b9   Thumb Code    26  spi_flash.o(.text)
    spi_flash_enable                         0x07fd42d3   Thumb Code    34  spi_flash.o(.text)
    spi_flash_read_jedec_id                  0x07fd42f5   Thumb Code    76  spi_flash.o(.text)
    spi_flash_auto_detect                    0x07fd4341   Thumb Code    94  spi_flash.o(.text)
    spi_flash_enable_with_autodetect         0x07fd439f   Thumb Code    24  spi_flash.o(.text)
    spi_flash_read_data_dma                  0x07fd43b7   Thumb Code   130  spi_flash.o(.text)
    spi_flash_disable_power_pin              0x07fd4439   Thumb Code     2  spi_flash.o(.text)
    GPIO_init                                0x07fd4449   Thumb Code     2  gpio.o(.text)
    GPIO_SetPinFunction                      0x07fd444b   Thumb Code    24  gpio.o(.text)
    GPIO_SetInactive                         0x07fd4463   Thumb Code    20  gpio.o(.text)
    GPIO_SetActive                           0x07fd4477   Thumb Code    20  gpio.o(.text)
    GPIO_ConfigurePin                        0x07fd448b   Thumb Code    38  gpio.o(.text)
    main                                     0x07fd44f7   Thumb Code   136  main.o(.text)
    crc32                                    0x07fd458d   Thumb Code    32  crc32.o(.text)
    AES_set_key                              0x07fd45b1   Thumb Code   276  sw_aes.o(.text)
    AES_convert_key                          0x07fd46c5   Thumb Code   124  sw_aes.o(.text)
    AES_decrypt                              0x07fd4741   Thumb Code   492  sw_aes.o(.text)
    AES_cbc_decrypt                          0x07fd492d   Thumb Code   180  sw_aes.o(.text)
    Decrypt_Image                            0x07fd49f9   Thumb Code    68  decrypt.o(.text)
    dma_channel_stop                         0x07fd4a4d   Thumb Code    18  dma.o(.text)
    DMA_Handler                              0x07fd4a9d   Thumb Code    86  dma.o(.text)
    dma_initialize                           0x07fd4af3   Thumb Code   288  dma.o(.text)
    dma_register_callback                    0x07fd4c13   Thumb Code    16  dma.o(.text)
    dma_channel_start                        0x07fd4c23   Thumb Code    22  dma.o(.text)
    spi_wait_dma_read_to_finish              0x07fd4cf1   Thumb Code    12  spi_58x.o(.text)
    spi_enable                               0x07fd4cfd   Thumb Code    36  spi_58x.o(.text)
    spi_cs_high                              0x07fd4d21   Thumb Code    14  spi_58x.o(.text)
    spi_disable                              0x07fd4d2f   Thumb Code    56  spi_58x.o(.text)
    spi_set_bitmode                          0x07fd4d67   Thumb Code    34  spi_58x.o(.text)
    spi_initialize                           0x07fd4d89   Thumb Code   102  spi_58x.o(.text)
    spi_cs_low                               0x07fd4def   Thumb Code    14  spi_58x.o(.text)
    spi_receive                              0x07fd4dfd   Thumb Code   114  spi_58x.o(.text)
    spi_access                               0x07fd4e6f   Thumb Code    60  spi_58x.o(.text)
    spi_transaction                          0x07fd4eab   Thumb Code    24  spi_58x.o(.text)
    I2C_Handler                              0x07fd4f5d   Thumb Code    26  i2c.o(.text)
    UART_Handler                             0x07fd5079   Thumb Code     4  uart.o(.text)
    UART2_Handler                            0x07fd507d   Thumb Code     4  uart.o(.text)
    SysTick_Handler                          0x07fd50f1   Thumb Code    12  systick.o(.text)
    hw_otpc_disable                          0x07fd5101   Thumb Code    72  hw_otpc_58x.o(.text)
    hw_otpc_manual_read_on                   0x07fd5149   Thumb Code    18  hw_otpc_58x.o(.text)
    set_xtal16m_trim_value                   0x07fd5165   Thumb Code    82  arch_system.o(.text)
    system_init                              0x07fd51b7   Thumb Code   164  arch_system.o(.text)
    periph_init                              0x07fd5271   Thumb Code    30  user_periph_setup.o(.text)
    __aeabi_uidiv                            0x07fd528f   Thumb Code     0  uidiv.o(.text)
    __aeabi_uidivmod                         0x07fd528f   Thumb Code    44  uidiv.o(.text)
    __aeabi_idiv                             0x07fd52bb   Thumb Code     0  idiv.o(.text)
    __aeabi_idivmod                          0x07fd52bb   Thumb Code    40  idiv.o(.text)
    __aeabi_memcpy                           0x07fd52e3   Thumb Code    36  memcpya.o(.text)
    __aeabi_memcpy4                          0x07fd52e3   Thumb Code     0  memcpya.o(.text)
    __aeabi_memcpy8                          0x07fd52e3   Thumb Code     0  memcpya.o(.text)
    Key                                      0x07fd59aa   Data          16  decrypt.o(.constdata)
    IV                                       0x07fd59ba   Data          16  decrypt.o(.constdata)
    ctx                                      0x07fd59f4   Data         500  decrypt.o(.bss)
    __initial_sp                             0x07fd6218   Data           0  startup_da14585_586.o(STACK)
    callback_function                        0x07fd6290   Data           4  systick.o(retention_mem_area0)
    clk_freq_trim_reg_value                  0x07fd6294   Data           2  arch_system.o(retention_mem_area0)



==============================================================================

Memory Map of the image

  Image Entry point : 0x07fc00a1

  Load Region LR_1 (Base: 0x07fc0000, Size: 0x00001b9c, Max: 0x00008000, ABSOLUTE)

    Execution Region ER_1 (Exec base: 0x07fc0000, Load base: 0x07fc0000, Size: 0x000001b4, Max: 0x00002000, ABSOLUTE)

    Exec Addr    Load Addr    Size         Type   Attr      Idx    E Section Name        Object

    0x07fc0000   0x07fc0000   0x000000a0   Data   RO            3    RESET               startup_da14585_586.o
    0x07fc00a0   0x07fc00a0   0x00000000   Code   RO         1539  * .ARM.Collect$$$$00000000  mc_p.l(entry.o)
    0x07fc00a0   0x07fc00a0   0x00000004   Code   RO         1548    .ARM.Collect$$$$00000001  mc_p.l(entry2.o)
    0x07fc00a4   0x07fc00a4   0x00000004   Code   RO         1551    .ARM.Collect$$$$00000004  mc_p.l(entry5.o)
    0x07fc00a8   0x07fc00a8   0x00000000   Code   RO         1553    .ARM.Collect$$$$00000008  mc_p.l(entry7b.o)
    0x07fc00a8   0x07fc00a8   0x00000000   Code   RO         1555    .ARM.Collect$$$$0000000A  mc_p.l(entry8b.o)
    0x07fc00a8   0x07fc00a8   0x00000008   Code   RO         1556    .ARM.Collect$$$$0000000B  mc_p.l(entry9a.o)
    0x07fc00b0   0x07fc00b0   0x00000004   Code   RO         1563    .ARM.Collect$$$$0000000E  mc_p.l(entry12b.o)
    0x07fc00b4   0x07fc00b4   0x00000000   Code   RO         1558    .ARM.Collect$$$$0000000F  mc_p.l(entry10a.o)
    0x07fc00b4   0x07fc00b4   0x00000000   Code   RO         1560    .ARM.Collect$$$$00000011  mc_p.l(entry11a.o)
    0x07fc00b4   0x07fc00b4   0x00000004   Code   RO         1549    .ARM.Collect$$$$00002712  mc_p.l(entry2.o)
    0x07fc00b8   0x07fc00b8   0x00000050   Code   RO            4    .text               startup_da14585_586.o
    0x07fc0108   0x07fc0108   0x00000048   Code   RO           13    .text               system_da14585_586.o
    0x07fc0150   0x07fc0150   0x00000024   Code   RO         1564    .text               mc_p.l(init.o)
    0x07fc0174   0x07fc0174   0x0000000e   Code   RO         1568    i.__scatterload_copy  mc_p.l(handlers.o)
    0x07fc0182   0x07fc0182   0x00000002   Code   RO         1569    i.__scatterload_null  mc_p.l(handlers.o)
    0x07fc0184   0x07fc0184   0x0000000e   Code   RO         1570    i.__scatterload_zeroinit  mc_p.l(handlers.o)
    0x07fc0192   0x07fc0192   0x00000002   PAD
    0x07fc0194   0x07fc0194   0x00000020   Data   RO         1566    Region$$Table       anon$$obj.o


    Execution Region ER_2 (Exec base: 0x07fd4000, Load base: 0x07fc01b4, Size: 0x00002298, Max: 0x00004000, ABSOLUTE)

    Exec Addr    Load Addr    Size         Type   Attr      Idx    E Section Name        Object

    0x07fd4000   0x07fc01b4   0x00000002   Code   RO           69    .text               hardfault_handler.o
    0x07fd4002   0x07fc01b6   0x00000002   PAD
    0x07fd4004   0x07fc01b8   0x00000038   Code   RO          145    .text               nmi_handler.o
    0x07fd403c   0x07fc01f0   0x00000250   Code   RO          171    .text               bootloader.o
    0x07fd428c   0x07fc0440   0x000001bc   Code   RO          210    .text               spi_flash.o
    0x07fd4448   0x07fc05fc   0x0000006c   Code   RO          458    .text               gpio.o
    0x07fd44b4   0x07fc0668   0x000000d8   Code   RO          644    .text               main.o
    0x07fd458c   0x07fc0740   0x00000024   Code   RO          738    .text               crc32.o
    0x07fd45b0   0x07fc0764   0x00000448   Code   RO          752    .text               sw_aes.o
    0x07fd49f8   0x07fc0bac   0x00000054   Code   RO          786    .text               decrypt.o
    0x07fd4a4c   0x07fc0c00   0x00000214   Code   RO          810    .text               dma.o
    0x07fd4c60   0x07fc0e14   0x000002fc   Code   RO          852    .text               spi_58x.o
    0x07fd4f5c   0x07fc1110   0x00000038   Code   RO          984    .text               i2c.o
    0x07fd4f94   0x07fc1148   0x0000015c   Code   RO         1106    .text               uart.o
    0x07fd50f0   0x07fc12a4   0x00000010   Code   RO         1241    .text               systick.o
    0x07fd5100   0x07fc12b4   0x00000064   Code   RO         1328    .text               hw_otpc_58x.o
    0x07fd5164   0x07fc1318   0x0000010c   Code   RO         1466    .text               arch_system.o
    0x07fd5270   0x07fc1424   0x0000001e   Code   RO         1515    .text               user_periph_setup.o
    0x07fd528e   0x07fc1442   0x0000002c   Code   RO         1540    .text               mc_p.l(uidiv.o)
    0x07fd52ba   0x07fc146e   0x00000028   Code   RO         1542    .text               mc_p.l(idiv.o)
    0x07fd52e2   0x07fc1496   0x00000024   Code   RO         1544    .text               mc_p.l(memcpya.o)
    0x07fd5306   0x07fc14ba   0x00000002   PAD
    0x07fd5308   0x07fc14bc   0x00000084   Data   RO          250    .constdata          spi_flash.o
    0x07fd538c   0x07fc1540   0x00000400   Data   RO          739    .constdata          crc32.o
    0x07fd578c   0x07fc1940   0x0000021e   Data   RO          755    .constdata          sw_aes.o
    0x07fd59aa   0x07fc1b5e   0x00000020   Data   RO          788    .constdata          decrypt.o
    0x07fd59ca   0x07fc1b7e   0x00000002   PAD
    0x07fd59cc   0x07fc1b80   0x0000001c   Data   RO          866    .constdata          spi_58x.o
    0x07fd59e8        -       0x0000000c   Zero   RW          249    .bss                spi_flash.o
    0x07fd59f4        -       0x000001f4   Zero   RW          787    .bss                decrypt.o
    0x07fd5be8        -       0x00000030   Zero   RW          985    .bss                i2c.o
    0x07fd5c18        -       0x00000600   Zero   RW            1    STACK               startup_da14585_586.o
    0x07fd6218        -       0x00000020   Zero   RW          813    retention_mem_area0  dma.o
    0x07fd6238        -       0x00000018   Zero   RW          867    retention_mem_area0  spi_58x.o
    0x07fd6250        -       0x00000040   Zero   RW         1125    retention_mem_area0  uart.o
    0x07fd6290        -       0x00000004   Zero   RW         1246    retention_mem_area0  systick.o
    0x07fd6294        -       0x00000002   Zero   RW         1467    retention_mem_area0  arch_system.o


==============================================================================

Image component sizes


      Code (inc. data)   RO Data    RW Data    ZI Data      Debug   Object Name

       268         22          0          0          2       4439   arch_system.o
       592         10          0          0          0      12590   bootloader.o
        36          4       1024          0          0       1216   crc32.o
        84         16         32          0        500       1301   decrypt.o
       532         20          0          0         32      15968   dma.o
       108          4          0          0          0       2452   gpio.o
         2          0          0          0          0       8473   hardfault_handler.o
       100         10          0          0          0       3899   hw_otpc_58x.o
        56         12          0          0         48      15980   i2c.o
         0          0          0          0          0       2824   i2c_eeprom.o
       216         14          0          0          0       1615   main.o
        56          6          0          0          0       8447   nmi_handler.o
       764         22         28          0         24      13712   spi_58x.o
       444         14        132          0         12       4905   spi_flash.o
        80         16        160          0       1536        724   startup_da14585_586.o
      1096         24        542          0          0       6332   sw_aes.o
        72          8          0          0          0     145349   system_da14585_586.o
        16          4          0          0          4        738   systick.o
       348         12          0          0         64      11670   uart.o
         0          0          0          0          0        416   uart_booter.o
        30          0          0          0          0       2794   user_periph_setup.o

    ----------------------------------------------------------------------
      4902        218       1952          0       2224     265844   Object Totals
         0          0         32          0          0          0   (incl. Generated)
         2          0          2          0          2          0   (incl. Padding)

    ----------------------------------------------------------------------

      Code (inc. data)   RO Data    RW Data    ZI Data      Debug   Library Member Name

         0          0          0          0          0          0   entry.o
         0          0          0          0          0          0   entry10a.o
         0          0          0          0          0          0   entry11a.o
         4          0          0          0          0          0   entry12b.o
         8          4          0          0          0          0   entry2.o
         4          0          0          0          0          0   entry5.o
         0          0          0          0          0          0   entry7b.o
         0          0          0          0          0          0   entry8b.o
         8          4          0          0          0          0   entry9a.o
        30          0          0          0          0          0   handlers.o
        40          0          0          0          0         72   idiv.o
        36          8          0          0          0         68   init.o
        36          0          0          0          0         60   memcpya.o
        44          0          0          0          0         72   uidiv.o

    ----------------------------------------------------------------------
       214         16          0          0          0        272   Library Totals
         4          0          0          0          0          0   (incl. Padding)

    ----------------------------------------------------------------------

      Code (inc. data)   RO Data    RW Data    ZI Data      Debug   Library Name

       210         16          0          0          0        272   mc_p.l

    ----------------------------------------------------------------------
       214         16          0          0          0        272   Library Totals

    ----------------------------------------------------------------------

==============================================================================


      Code (inc. data)   RO Data    RW Data    ZI Data      Debug   

      5116        234       1952          0       2224     265124   Grand Totals
      5116        234       1952          0       2224     265124   ELF Image Totals
      5116        234       1952          0          0          0   ROM Totals

==============================================================================

    Total RO  Size (Code + RO Data)                 7068 (   6.90kB)
    Total RW  Size (RW Data + ZI Data)              2224 (   2.17kB)
    Total ROM Size (Code + RO Data + RW Data)       7068 (   6.90kB)

==============================================================================

